data/avocado.csv
,Date,AveragePrice,Total Volume,4046,4225,4770,Total Bags,Small Bags,Large Bags,XLarge Bags,type,year,region
0,3/25/2018,1.62,15303.4,2325.3,2171.66,0,10806.44,10569.8,236.64,0,organic,2018,WestTexNewMexico
1,3/18/2018,1.56,15896.38,2055.35,1499.55,0,12341.48,12114.81,226.67,0,organic,2018,WestTexNewMexico
2,3/11/2018,1.56,22128.42,2162.67,3194.25,8.93,16762.57,16510.32,252.25,0,organic,2018,WestTexNewMexico
3,3/4/2018,1.54,17393.3,1832.24,1905.57,0,13655.49,13401.93,253.56,0,organic,2018,WestTexNewMexico
4,2/25/2018,1.57,18421.24,1974.26,2482.65,0,13964.33,13698.27,266.06,0,organic,2018,WestTexNewMexico
5,2/18/2018,1.56,17597.12,1892.05,1928.36,0,13776.71,13553.53,223.18,0,organic,2018,WestTexNewMexico
6,2/11/2018,1.57,15986.17,1924.28,1368.32,0,12693.57,12437.35,256.22,0,organic,2018,WestTexNewMexico
7,2/4/2018,1.63,17074.83,2046.96,1529.2,0,13498.67,13066.82,431.85,0,organic,2018,WestTexNewMexico
8,1/28/2018,1.71,13888.04,1191.7,3431.5,0,9264.84,8940.04,324.8,0,organic,2018,WestTexNewMexico
9,1/21/2018,1.87,13766.76,1191.92,2452.79,727.94,9394.11,9351.8,42.31,0,organic,2018,WestTexNewMexico
10,1/14/2018,1.93,16205.22,1527.63,2981.04,727.01,10969.54,10919.54,50,0,organic,2018,WestTexNewMexico
11,1/7/2018,1.62,17489.58,2894.77,2356.13,224.53,12014.15,11988.14,26.01,0,organic,2018,WestTexNewMexico
